
> kadal-thunai@1.0.0 build
> next build

   Γû▓ Next.js 15.3.5
   - Environments: .env.local

   Creating an optimized production build ...
node.exe : Browserslist: browsers data (caniuse-lite) is 11 months old. Please 
run:
At line:1 char:1
+ & "C:\Program Files\nodejs/node.exe" "C:\Users\saira\AppData\Roaming\ ...
+ ~~~~~~~~~~~~~~~~~~~~~~~~~~~~~~~~~~~~~~~~~~~~~~~~~~~~~~~~~~~~~~~~~~~~~
    + CategoryInfo          : NotSpecified: (Browserslist: b...ld. Please run: 
   :String) [], RemoteException
    + FullyQualifiedErrorId : NativeCommandError
 
  npx update-browserslist-db@latest
  Why you should do it regularly: 
https://github.com/browserslist/update-db#readme
 Γ£ô Compiled successfully in 4.0s
   Skipping linting
   Checking validity of types ...
   Collecting page data ...
   Generating static pages (0/48) ...
   Generating static pages (12/48) 
   Generating static pages (24/48) 
   Generating static pages (36/48) 
 Γ£ô Generating static pages (48/48)
   Finalizing page optimization ...
   Collecting build traces ...

Route (app)                                     Size  First Load JS
Γöî Γùï /                                        45.3 kB         246 kB
Γö£ Γùï /_not-found                                990 B         103 kB
Γö£ Γùï /account                                 11.3 kB         135 kB
Γö£ Γùï /account/addresses                       7.81 kB         157 kB
Γö£ Γùï /account/help                              393 B         106 kB
Γö£ Γùï /account/loyalty                         4.46 kB         128 kB
Γö£ Γùï /account/notifications                    4.4 kB         128 kB
Γö£ Γùï /account/orders                           6.3 kB         156 kB
Γö£ Γùï /account/payments                        6.89 kB         156 kB
Γö£ Γùï /account/profile                         6.57 kB         130 kB
Γö£ Γùï /account/settings                        6.67 kB         156 kB
Γö£ Γùï /add-details                             5.95 kB         121 kB
Γö£ Γùï /add-new-address                           503 B         103 kB
Γö£ ╞Æ /api/orders                                195 B         103 kB
Γö£ ╞Æ /api/orders/[orderId]/tracking             195 B         103 kB
Γö£ ╞Æ /api/orders/[orderId]/tracking-demo        195 B         103 kB
Γö£ ╞Æ /api/user/addresses                        195 B         103 kB
Γö£ ╞Æ /api/user/addresses/[addressId]            195 B         103 kB
Γö£ ╞Æ /api/user/addresses/[addressId]/default    195 B         103 kB
Γö£ ╞Æ /api/user/export-data                      195 B         103 kB
Γö£ ╞Æ /api/user/loyalty                          195 B         103 kB
Γö£ ╞Æ /api/user/loyalty/redeem                   195 B         103 kB
Γö£ ╞Æ /api/user/notifications                    195 B         103 kB
Γö£ ╞Æ /api/user/orders                           195 B         103 kB
Γö£ ╞Æ /api/user/orders/[orderId]/cancel          195 B         103 kB
Γö£ ╞Æ /api/user/orders/[orderId]/invoice         195 B         103 kB
Γö£ ╞Æ /api/user/orders/[orderId]/track           195 B         103 kB
Γö£ ╞Æ /api/user/profile                          195 B         103 kB
Γö£ ╞Æ /api/user/reorder                          195 B         103 kB
Γö£ ╞Æ /api/user/upload-image                     195 B         103 kB
Γö£ Γùï /auth/login                              7.38 kB         174 kB
Γö£ Γùï /blog                                     4.7 kB         124 kB
Γö£ ╞Æ /blog/[slug]                             4.21 kB         124 kB
Γö£ Γùï /cart                                     8.6 kB         184 kB
Γö£ Γùï /categories                              5.23 kB         209 kB
Γö£ ╞Æ /categories/[fishName]                   9.66 kB         172 kB
Γö£ Γùï /category                                 4.1 kB         162 kB
Γö£ ╞Æ /category/[slug]                         11.3 kB         213 kB
Γö£ Γùï /category/fish-combo                     10.3 kB         186 kB
Γö£ ╞Æ /category/fish-combo/[slug]              4.35 kB         182 kB
Γö£ Γùï /category/seafood                        5.74 kB         190 kB
Γö£ ╞Æ /category/seafood/[slug]                 4.31 kB         182 kB
Γö£ Γùï /checkout                                9.31 kB         190 kB
Γö£ Γùï /choose-location                         7.87 kB         120 kB
Γö£ Γùï /choose-on-map                           6.53 kB         119 kB
Γö£ Γùï /cookie-policy                           3.98 kB         152 kB
Γö£ ╞Æ /fish/[slug]                             7.49 kB         180 kB
Γö£ Γùï /help-support                              393 B         106 kB
Γö£ Γùï /login                                   1.21 kB         107 kB
Γö£ Γùï /map-picker                              5.74 kB         118 kB
Γö£ Γùï /offers                                  3.85 kB         124 kB
Γö£ Γùï /order-confirmation                      8.42 kB         170 kB
Γö£ Γùï /orders                                  4.74 kB         186 kB
Γö£ ╞Æ /orders/[orderId]                        5.68 kB         143 kB
Γö£ Γùï /privacy                                 3.33 kB         152 kB
Γö£ ╞Æ /product/[slug]                          5.88 kB         180 kB
Γö£ Γùï /reviews                                 7.93 kB         119 kB
Γö£ Γùï /search                                  7.24 kB         180 kB
Γö£ Γùï /simple-login                            2.48 kB         113 kB
Γö£ Γùï /terms-of-service                        3.74 kB         152 kB
Γö£ Γùï /track-order                             7.32 kB         169 kB
Γö£ ╞Æ /track/[trackingNumber]                  4.33 kB         115 kB
Γöö ╞Æ /tracking/[orderId]                      9.28 kB         138 kB
+ First Load JS shared by all                 102 kB
  Γö£ chunks/1684-eb51e15d4a3a6a67.js            47 kB
  Γö£ chunks/4bd1b696-8ad51578e2a901e5.js      53.2 kB
  Γöö other shared chunks (total)              2.09 kB


Γùï  (Static)   prerendered as static content
╞Æ  (Dynamic)  server-rendered on demand

